// Jest Snapshot v1, https://goo.gl/fbAQLP

exports[`ButtonSolid test suite Should render correctly 1`] = `
<button
  class="button "
>
  Button Solid
</button>
`;
